
> kids-english-viewer@1.0.0 build
> vite build

[36mvite v5.4.21 [32mbuilding for production...[36m[39m
transforming...
[32m✓[39m 51 modules transformed.
rendering chunks...
computing gzip size...
[2mdist/[22m[32mindex.html                 [39m[1m[2m  0.85 kB[22m[1m[22m[2m │ gzip:  0.49 kB[22m
[2mdist/[22m[35massets/index-5Ev_jdnN.css  [39m[1m[2m 22.53 kB[22m[1m[22m[2m │ gzip:  5.26 kB[22m
[2mdist/[22m[36massets/index-IzRJK_A7.js   [39m[1m[2m189.10 kB[22m[1m[22m[2m │ gzip: 63.39 kB[22m
[32m✓ built in 4.01s[39m
BUILD_EXIT:0
